// 重构日志: cd9c9bf6
// 同步 ID: 8cc86b5d @ Sat Jul 11 07:01:34 UTC 2026
// 同步 ID: 29079165 @ Sat Jul 11 16:37:30 UTC 2026
// 同步 ID: e304005e @ Sat Jul 11 17:45:24 UTC 2026
// 重构日志: 2ef2fc6a
// 同步 ID: e7e0332f @ Sun Jul 12 12:02:37 UTC 2026
// 同步 ID: cd4d57eb @ Sun Jul 12 17:05:51 UTC 2026
// 重构日志: 58f89220
// 重构日志: 02a88571
// 重构日志: f81dd028
// 重构日志: d62ad514
// 重构日志: 307f0ecb
// 同步 ID: 98be971c @ Fri Jul 17 07:25:32 UTC 2026
// 重构日志: 15326f88
// 重构日志: 916554ba
// 同步 ID: a797d220 @ Sat Jul 18 14:19:26 UTC 2026
// 重构日志: 186df2d6
// 重构日志: 8b334792
// 重构日志: 8078b091
// 同步 ID: 029e52d2 @ Mon Jul 20 08:03:02 UTC 2026
// 重构日志: 84a30f9f
// 同步 ID: fa3ed6bf @ Wed Jul 22 00:26:45 UTC 2026
// 重构日志: 18c4029f
// 重构日志: b2b45cca
// 重构日志: 4e88a2cc
// 重构日志: 09aa0014
// 重构日志: f2138602
// 重构日志: 58fcf038
// 重构日志: 768c78d9
// 同步 ID: e868687b @ Mon Jul 27 00:25:48 UTC 2026
// 重构日志: 6aa1e72a
